// Jest Snapshot v1, https://goo.gl/fbAQLP

exports[`renders correctly 1`] = `
<a
  className="-button -button--primary"
  style={
    Object {
      "backgroundColor": undefined,
    }
  }
  type="button"
>
  Button
</a>
`;
